constants/index.ts(206,31): error TS2304: Cannot find name 'Interview'.
lib/actions/auth.action.ts(26,38): error TS2304: Cannot find name 'SignUpParams'.
lib/actions/auth.action.ts(56,38): error TS2304: Cannot find name 'SignInParams'.
lib/actions/auth.action.ts(119,49): error TS2304: Cannot find name 'User'.
lib/actions/auth.action.ts(145,14): error TS2304: Cannot find name 'User'.
lib/actions/general.action.ts(9,46): error TS2304: Cannot find name 'CreateFeedbackParams'.
lib/actions/general.action.ts(67,61): error TS2304: Cannot find name 'Interview'.
lib/actions/general.action.ts(70,30): error TS2304: Cannot find name 'Interview'.
lib/actions/general.action.ts(74,11): error TS2304: Cannot find name 'GetFeedbackByInterviewIdParams'.
lib/actions/general.action.ts(75,12): error TS2304: Cannot find name 'Feedback'.
lib/actions/general.action.ts(88,59): error TS2304: Cannot find name 'Feedback'.
lib/actions/general.action.ts(92,11): error TS2304: Cannot find name 'GetLatestInterviewsParams'.
lib/actions/general.action.ts(93,12): error TS2304: Cannot find name 'Interview'.
lib/actions/general.action.ts(107,10): error TS2304: Cannot find name 'Interview'.
lib/actions/general.action.ts(112,12): error TS2304: Cannot find name 'Interview'.
lib/actions/general.action.ts(122,10): error TS2304: Cannot find name 'Interview'.
lib/actions/general.action.ts(125,45): error TS2304: Cannot find name 'ContactParams'.
